I'm sorry, but errors were detected in your script. Please correct the
errors listed below, and try again.


File "game/script_act2.rpy", line 621: play requires a file
    play audio.chase
              ^

Ren'Py Version: Ren'Py 8.5.2.26010301
Wed May 27 11:16:49 2026
